<?xml version="1.0" encoding="ISO-8859-1" ?>
<link_info>
   <banner>MSP430 Linker PC v20.2.2.LTS</banner>
   <copyright>Copyright (c) 2003-2018 Texas Instruments Incorporated</copyright>
   <link_time>0x60414928</link_time>
   <link_errors>0x0</link_errors>
   <output_file>Lab7.out</output_file>
   <entry_point>
      <name>_c_int00_noargs</name>
      <address>0xc1a6</address>
   </entry_point>
   <input_file_list>
      <input_file id="fl-2">
         <path>.\</path>
         <kind>object</kind>
         <file>main.obj</file>
         <name>main.obj</name>
      </input_file>
      <input_file id="fl-7">
         <kind>object</kind>
         <file>&lt;internal&gt;</file>
         <name>&lt;internal&gt;</name>
      </input_file>
      <input_file id="fl-1d">
         <path>C:\ti\ccs1020\ccs\tools\compiler\ti-cgt-msp430_20.2.2.LTS\lib\</path>
         <kind>archive</kind>
         <file>rts430_eabi.lib</file>
         <name>int00.asm.obj</name>
      </input_file>
      <input_file id="fl-1e">
         <path>C:\ti\ccs1020\ccs\tools\compiler\ti-cgt-msp430_20.2.2.LTS\lib\</path>
         <kind>archive</kind>
         <file>rts430_eabi.lib</file>
         <name>int02.asm.obj</name>
      </input_file>
      <input_file id="fl-1f">
         <path>C:\ti\ccs1020\ccs\tools\compiler\ti-cgt-msp430_20.2.2.LTS\lib\</path>
         <kind>archive</kind>
         <file>rts430_eabi.lib</file>
         <name>int03.asm.obj</name>
      </input_file>
      <input_file id="fl-20">
         <path>C:\ti\ccs1020\ccs\tools\compiler\ti-cgt-msp430_20.2.2.LTS\lib\</path>
         <kind>archive</kind>
         <file>rts430_eabi.lib</file>
         <name>int05.asm.obj</name>
      </input_file>
      <input_file id="fl-21">
         <path>C:\ti\ccs1020\ccs\tools\compiler\ti-cgt-msp430_20.2.2.LTS\lib\</path>
         <kind>archive</kind>
         <file>rts430_eabi.lib</file>
         <name>int06.asm.obj</name>
      </input_file>
      <input_file id="fl-22">
         <path>C:\ti\ccs1020\ccs\tools\compiler\ti-cgt-msp430_20.2.2.LTS\lib\</path>
         <kind>archive</kind>
         <file>rts430_eabi.lib</file>
         <name>int07.asm.obj</name>
      </input_file>
      <input_file id="fl-23">
         <path>C:\ti\ccs1020\ccs\tools\compiler\ti-cgt-msp430_20.2.2.LTS\lib\</path>
         <kind>archive</kind>
         <file>rts430_eabi.lib</file>
         <name>int08.asm.obj</name>
      </input_file>
      <input_file id="fl-24">
         <path>C:\ti\ccs1020\ccs\tools\compiler\ti-cgt-msp430_20.2.2.LTS\lib\</path>
         <kind>archive</kind>
         <file>rts430_eabi.lib</file>
         <name>int09.asm.obj</name>
      </input_file>
      <input_file id="fl-25">
         <path>C:\ti\ccs1020\ccs\tools\compiler\ti-cgt-msp430_20.2.2.LTS\lib\</path>
         <kind>archive</kind>
         <file>rts430_eabi.lib</file>
         <name>int11.asm.obj</name>
      </input_file>
      <input_file id="fl-26">
         <path>C:\ti\ccs1020\ccs\tools\compiler\ti-cgt-msp430_20.2.2.LTS\lib\</path>
         <kind>archive</kind>
         <file>rts430_eabi.lib</file>
         <name>int12.asm.obj</name>
      </input_file>
      <input_file id="fl-27">
         <path>C:\ti\ccs1020\ccs\tools\compiler\ti-cgt-msp430_20.2.2.LTS\lib\</path>
         <kind>archive</kind>
         <file>rts430_eabi.lib</file>
         <name>int13.asm.obj</name>
      </input_file>
      <input_file id="fl-28">
         <path>C:\ti\ccs1020\ccs\tools\compiler\ti-cgt-msp430_20.2.2.LTS\lib\</path>
         <kind>archive</kind>
         <file>rts430_eabi.lib</file>
         <name>int14.asm.obj</name>
      </input_file>
      <input_file id="fl-29">
         <path>C:\ti\ccs1020\ccs\tools\compiler\ti-cgt-msp430_20.2.2.LTS\lib\</path>
         <kind>archive</kind>
         <file>rts430_eabi.lib</file>
         <name>isr_trap.asm.obj</name>
      </input_file>
      <input_file id="fl-2a">
         <path>C:\ti\ccs1020\ccs\tools\compiler\ti-cgt-msp430_20.2.2.LTS\lib\</path>
         <kind>archive</kind>
         <file>rts430_eabi.lib</file>
         <name>boot.c.obj</name>
      </input_file>
      <input_file id="fl-2b">
         <path>C:\ti\ccs1020\ccs\tools\compiler\ti-cgt-msp430_20.2.2.LTS\lib\</path>
         <kind>archive</kind>
         <file>rts430_eabi.lib</file>
         <name>autoinit.c.obj</name>
      </input_file>
      <input_file id="fl-2c">
         <path>C:\ti\ccs1020\ccs\tools\compiler\ti-cgt-msp430_20.2.2.LTS\lib\</path>
         <kind>archive</kind>
         <file>rts430_eabi.lib</file>
         <name>copy_zero_init.c.obj</name>
      </input_file>
      <input_file id="fl-2d">
         <path>C:\ti\ccs1020\ccs\tools\compiler\ti-cgt-msp430_20.2.2.LTS\lib\</path>
         <kind>archive</kind>
         <file>rts430_eabi.lib</file>
         <name>cpy_tbl.c.obj</name>
      </input_file>
      <input_file id="fl-2e">
         <path>C:\ti\ccs1020\ccs\tools\compiler\ti-cgt-msp430_20.2.2.LTS\lib\</path>
         <kind>archive</kind>
         <file>rts430_eabi.lib</file>
         <name>mpu_init.c.obj</name>
      </input_file>
      <input_file id="fl-2f">
         <path>C:\ti\ccs1020\ccs\tools\compiler\ti-cgt-msp430_20.2.2.LTS\lib\</path>
         <kind>archive</kind>
         <file>rts430_eabi.lib</file>
         <name>pre_init.c.obj</name>
      </input_file>
      <input_file id="fl-30">
         <path>C:\ti\ccs1020\ccs\tools\compiler\ti-cgt-msp430_20.2.2.LTS\lib\</path>
         <kind>archive</kind>
         <file>rts430_eabi.lib</file>
         <name>startup.c.obj</name>
      </input_file>
      <input_file id="fl-31">
         <path>C:\ti\ccs1020\ccs\tools\compiler\ti-cgt-msp430_20.2.2.LTS\lib\</path>
         <kind>archive</kind>
         <file>rts430_eabi.lib</file>
         <name>copy_decompress_none.c.obj</name>
      </input_file>
      <input_file id="fl-32">
         <path>C:\ti\ccs1020\ccs\tools\compiler\ti-cgt-msp430_20.2.2.LTS\lib\</path>
         <kind>archive</kind>
         <file>rts430_eabi.lib</file>
         <name>copy_decompress_lzss.c.obj</name>
      </input_file>
      <input_file id="fl-33">
         <path>C:\ti\ccs1020\ccs\tools\compiler\ti-cgt-msp430_20.2.2.LTS\lib\</path>
         <kind>archive</kind>
         <file>rts430_eabi.lib</file>
         <name>exit.c.obj</name>
      </input_file>
      <input_file id="fl-34">
         <path>C:\ti\ccs1020\ccs\tools\compiler\ti-cgt-msp430_20.2.2.LTS\lib\</path>
         <kind>archive</kind>
         <file>rts430_eabi.lib</file>
         <name>_lock.c.obj</name>
      </input_file>
      <input_file id="fl-35">
         <path>C:\ti\ccs1020\ccs\tools\compiler\ti-cgt-msp430_20.2.2.LTS\lib\</path>
         <kind>archive</kind>
         <file>rts430_eabi.lib</file>
         <name>args_main.c.obj</name>
      </input_file>
      <input_file id="fl-36">
         <path>C:\ti\ccs1020\ccs\tools\compiler\ti-cgt-msp430_20.2.2.LTS\lib\</path>
         <kind>archive</kind>
         <file>rts430_eabi.lib</file>
         <name>memcpy.c.obj</name>
      </input_file>
      <input_file id="fl-37">
         <path>C:\ti\ccs1020\ccs\tools\compiler\ti-cgt-msp430_20.2.2.LTS\lib\</path>
         <kind>archive</kind>
         <file>rts430_eabi.lib</file>
         <name>epilog.asm.obj</name>
      </input_file>
      <input_file id="fl-38">
         <path>C:\ti\ccs1020\ccs\tools\compiler\ti-cgt-msp430_20.2.2.LTS\lib\</path>
         <kind>archive</kind>
         <file>rts430_eabi.lib</file>
         <name>lsl16.asm.obj</name>
      </input_file>
      <input_file id="fl-39">
         <path>C:\ti\ccs1020\ccs\tools\compiler\ti-cgt-msp430_20.2.2.LTS\lib\</path>
         <kind>archive</kind>
         <file>rts430_eabi.lib</file>
         <name>lsr16.asm.obj</name>
      </input_file>
      <input_file id="fl-3a">
         <path>C:\ti\ccs1020\ccs\tools\compiler\ti-cgt-msp430_20.2.2.LTS\lib\</path>
         <kind>archive</kind>
         <file>rts430_eabi.lib</file>
         <name>mult16.asm.obj</name>
      </input_file>
      <input_file id="fl-3b">
         <path>C:\ti\ccs1020\ccs\tools\compiler\ti-cgt-msp430_20.2.2.LTS\lib\</path>
         <kind>archive</kind>
         <file>rts430_eabi.lib</file>
         <name>exit_gvars.c.obj</name>
      </input_file>
   </input_file_list>
   <object_component_list>
      <object_component id="oc-17d">
         <name>.common:base_cnt</name>
         <uninitialized>true</uninitialized>
         <run_address>0x200</run_address>
         <size>0x2</size>
      </object_component>
      <object_component id="oc-17a">
         <name>.common:meas_cnt</name>
         <uninitialized>true</uninitialized>
         <run_address>0x206</run_address>
         <size>0x2</size>
      </object_component>
      <object_component id="oc-17f">
         <name>.common:delta_cnt</name>
         <uninitialized>true</uninitialized>
         <run_address>0x204</run_address>
         <size>0x2</size>
      </object_component>
      <object_component id="oc-17e">
         <name>.common:key_pressed</name>
         <uninitialized>true</uninitialized>
         <run_address>0x208</run_address>
         <size>0x1</size>
      </object_component>
      <object_component id="oc-180">
         <name>.common:cycles</name>
         <uninitialized>true</uninitialized>
         <run_address>0x202</run_address>
         <size>0x2</size>
      </object_component>
      <object_component id="oc-b1">
         <name>.stack</name>
         <uninitialized>true</uninitialized>
         <run_address>0x3b0</run_address>
         <size>0x2</size>
         <input_file_ref idref="fl-2a"/>
      </object_component>
      <object_component id="oc-27a">
         <name>.stack</name>
         <uninitialized>true</uninitialized>
         <run_address>0x3b0</run_address>
         <size>0x0</size>
      </object_component>
      <object_component id="oc-14c">
         <name>.text:main</name>
         <load_address>0xc000</load_address>
         <run_address>0xc000</run_address>
         <size>0x130</size>
         <input_file_ref idref="fl-2"/>
      </object_component>
      <object_component id="oc-194">
         <name>.text:__TI_auto_init_nobinit_nopinit:__TI_auto_init_nobinit_nopinit</name>
         <load_address>0xc130</load_address>
         <run_address>0xc130</run_address>
         <size>0x42</size>
         <input_file_ref idref="fl-2b"/>
      </object_component>
      <object_component id="oc-174">
         <name>.text:measure_count</name>
         <load_address>0xc172</load_address>
         <run_address>0xc172</run_address>
         <size>0x34</size>
         <input_file_ref idref="fl-2"/>
      </object_component>
      <object_component id="oc-f9">
         <name>.text:_c_int00_noargs</name>
         <load_address>0xc1a6</load_address>
         <run_address>0xc1a6</run_address>
         <size>0x1c</size>
         <input_file_ref idref="fl-2a"/>
      </object_component>
      <object_component id="oc-181">
         <name>.text:pulse_LED</name>
         <load_address>0xc1c2</load_address>
         <run_address>0xc1c2</run_address>
         <size>0x16</size>
         <input_file_ref idref="fl-2"/>
      </object_component>
      <object_component id="oc-e7">
         <name>.text:decompress:ZI:__TI_zero_init_nomemset:__TI_zero_init_nomemset</name>
         <load_address>0xc1d8</load_address>
         <run_address>0xc1d8</run_address>
         <size>0x14</size>
         <input_file_ref idref="fl-2c"/>
      </object_component>
      <object_component id="oc-bf">
         <name>.text</name>
         <load_address>0xc1ec</load_address>
         <run_address>0xc1ec</run_address>
         <size>0x10</size>
         <input_file_ref idref="fl-37"/>
      </object_component>
      <object_component id="oc-e1">
         <name>.text:watchdog_timer</name>
         <load_address>0xc1fc</load_address>
         <run_address>0xc1fc</run_address>
         <size>0xe</size>
         <input_file_ref idref="fl-2"/>
      </object_component>
      <object_component id="oc-dc">
         <name>.text:_isr:__TI_ISR_TRAP</name>
         <load_address>0xc20a</load_address>
         <run_address>0xc20a</run_address>
         <size>0x8</size>
         <input_file_ref idref="fl-29"/>
      </object_component>
      <object_component id="oc-188">
         <name>.text:abort</name>
         <load_address>0xc212</load_address>
         <run_address>0xc212</run_address>
         <size>0x6</size>
         <input_file_ref idref="fl-33"/>
      </object_component>
      <object_component id="oc-146">
         <name>.text:_system_pre_init</name>
         <load_address>0xc218</load_address>
         <run_address>0xc218</run_address>
         <size>0x4</size>
         <input_file_ref idref="fl-2f"/>
      </object_component>
      <object_component id="oc-1dd">
         <name>.text:_system_post_cinit</name>
         <load_address>0xc21c</load_address>
         <run_address>0xc21c</run_address>
         <size>0x2</size>
         <input_file_ref idref="fl-30"/>
      </object_component>
      <object_component id="oc-279">
         <name>.cinit..bss.load</name>
         <load_address>0xc21e</load_address>
         <run_address>0xc21e</run_address>
         <size>0x4</size>
      </object_component>
      <object_component id="oc-277">
         <name>__TI_handler_table</name>
         <load_address>0xc222</load_address>
         <run_address>0xc222</run_address>
         <size>0x2</size>
      </object_component>
      <object_component id="oc-278">
         <name>__TI_cinit_table</name>
         <load_address>0xc224</load_address>
         <run_address>0xc224</run_address>
         <size>0x4</size>
      </object_component>
      <object_component id="oc-239">
         <name>.binit</name>
         <load_address>0xc000</load_address>
         <run_address>0xc000</run_address>
         <size>0x0</size>
      </object_component>
      <object_component id="oc-40">
         <name>.int00</name>
         <load_address>0xffe0</load_address>
         <run_address>0xffe0</run_address>
         <size>0x2</size>
         <input_file_ref idref="fl-1d"/>
      </object_component>
      <object_component id="oc-41">
         <name>.int02</name>
         <load_address>0xffe4</load_address>
         <run_address>0xffe4</run_address>
         <size>0x2</size>
         <input_file_ref idref="fl-1e"/>
      </object_component>
      <object_component id="oc-42">
         <name>.int03</name>
         <load_address>0xffe6</load_address>
         <run_address>0xffe6</run_address>
         <size>0x2</size>
         <input_file_ref idref="fl-1f"/>
      </object_component>
      <object_component id="oc-43">
         <name>.int05</name>
         <load_address>0xffea</load_address>
         <run_address>0xffea</run_address>
         <size>0x2</size>
         <input_file_ref idref="fl-20"/>
      </object_component>
      <object_component id="oc-44">
         <name>.int06</name>
         <load_address>0xffec</load_address>
         <run_address>0xffec</run_address>
         <size>0x2</size>
         <input_file_ref idref="fl-21"/>
      </object_component>
      <object_component id="oc-45">
         <name>.int07</name>
         <load_address>0xffee</load_address>
         <run_address>0xffee</run_address>
         <size>0x2</size>
         <input_file_ref idref="fl-22"/>
      </object_component>
      <object_component id="oc-46">
         <name>.int08</name>
         <load_address>0xfff0</load_address>
         <run_address>0xfff0</run_address>
         <size>0x2</size>
         <input_file_ref idref="fl-23"/>
      </object_component>
      <object_component id="oc-47">
         <name>.int09</name>
         <load_address>0xfff2</load_address>
         <run_address>0xfff2</run_address>
         <size>0x2</size>
         <input_file_ref idref="fl-24"/>
      </object_component>
      <object_component id="oc-48">
         <name>.int10</name>
         <load_address>0xfff4</load_address>
         <run_address>0xfff4</run_address>
         <size>0x2</size>
         <input_file_ref idref="fl-2"/>
      </object_component>
      <object_component id="oc-49">
         <name>.int11</name>
         <load_address>0xfff6</load_address>
         <run_address>0xfff6</run_address>
         <size>0x2</size>
         <input_file_ref idref="fl-25"/>
      </object_component>
      <object_component id="oc-4a">
         <name>.int12</name>
         <load_address>0xfff8</load_address>
         <run_address>0xfff8</run_address>
         <size>0x2</size>
         <input_file_ref idref="fl-26"/>
      </object_component>
      <object_component id="oc-4b">
         <name>.int13</name>
         <load_address>0xfffa</load_address>
         <run_address>0xfffa</run_address>
         <size>0x2</size>
         <input_file_ref idref="fl-27"/>
      </object_component>
      <object_component id="oc-4c">
         <name>.int14</name>
         <load_address>0xfffc</load_address>
         <run_address>0xfffc</run_address>
         <size>0x2</size>
         <input_file_ref idref="fl-28"/>
      </object_component>
      <object_component id="oc-b4">
         <name>.reset</name>
         <load_address>0xfffe</load_address>
         <run_address>0xfffe</run_address>
         <size>0x2</size>
         <input_file_ref idref="fl-2a"/>
      </object_component>
      <object_component id="oc-17b">
         <name>.debug_info</name>
         <load_address>0x0</load_address>
         <run_address>0x0</run_address>
         <size>0x4aa</size>
         <input_file_ref idref="fl-2"/>
      </object_component>
      <object_component id="oc-e2">
         <name>.debug_info</name>
         <load_address>0x4aa</load_address>
         <run_address>0x4aa</run_address>
         <size>0xfe</size>
         <input_file_ref idref="fl-2"/>
      </object_component>
      <object_component id="oc-182">
         <name>.debug_info</name>
         <load_address>0x5a8</load_address>
         <run_address>0x5a8</run_address>
         <size>0xf3</size>
         <input_file_ref idref="fl-2"/>
      </object_component>
      <object_component id="oc-175">
         <name>.debug_info</name>
         <load_address>0x69b</load_address>
         <run_address>0x69b</run_address>
         <size>0xfb</size>
         <input_file_ref idref="fl-2"/>
      </object_component>
      <object_component id="oc-14d">
         <name>.debug_info</name>
         <load_address>0x796</load_address>
         <run_address>0x796</run_address>
         <size>0x149</size>
         <input_file_ref idref="fl-2"/>
      </object_component>
      <object_component id="oc-ca">
         <name>.debug_info</name>
         <load_address>0x8df</load_address>
         <run_address>0x8df</run_address>
         <size>0x84</size>
         <input_file_ref idref="fl-2"/>
      </object_component>
      <object_component id="oc-de">
         <name>.debug_info</name>
         <load_address>0x963</load_address>
         <run_address>0x963</run_address>
         <size>0x10f</size>
         <input_file_ref idref="fl-29"/>
      </object_component>
      <object_component id="oc-b2">
         <name>.debug_info</name>
         <load_address>0xa72</load_address>
         <run_address>0xa72</run_address>
         <size>0x100</size>
         <input_file_ref idref="fl-2a"/>
      </object_component>
      <object_component id="oc-fb">
         <name>.debug_info</name>
         <load_address>0xb72</load_address>
         <run_address>0xb72</run_address>
         <size>0x17a</size>
         <input_file_ref idref="fl-2a"/>
      </object_component>
      <object_component id="oc-1e4">
         <name>.debug_info</name>
         <load_address>0xcec</load_address>
         <run_address>0xcec</run_address>
         <size>0x3de</size>
         <input_file_ref idref="fl-2b"/>
      </object_component>
      <object_component id="oc-196">
         <name>.debug_info</name>
         <load_address>0x10ca</load_address>
         <run_address>0x10ca</run_address>
         <size>0x1e0</size>
         <input_file_ref idref="fl-2b"/>
      </object_component>
      <object_component id="oc-215">
         <name>.debug_info</name>
         <load_address>0x12aa</load_address>
         <run_address>0x12aa</run_address>
         <size>0x39</size>
         <input_file_ref idref="fl-2b"/>
      </object_component>
      <object_component id="oc-226">
         <name>.debug_info</name>
         <load_address>0x12e3</load_address>
         <run_address>0x12e3</run_address>
         <size>0x2c</size>
         <input_file_ref idref="fl-2b"/>
      </object_component>
      <object_component id="oc-1ef">
         <name>.debug_info</name>
         <load_address>0x130f</load_address>
         <run_address>0x130f</run_address>
         <size>0x2c</size>
         <input_file_ref idref="fl-2b"/>
      </object_component>
      <object_component id="oc-21a">
         <name>.debug_info</name>
         <load_address>0x133b</load_address>
         <run_address>0x133b</run_address>
         <size>0xcd</size>
         <input_file_ref idref="fl-2b"/>
      </object_component>
      <object_component id="oc-144">
         <name>.debug_info</name>
         <load_address>0x1408</load_address>
         <run_address>0x1408</run_address>
         <size>0x175</size>
         <input_file_ref idref="fl-2c"/>
      </object_component>
      <object_component id="oc-e9">
         <name>.debug_info</name>
         <load_address>0x157d</load_address>
         <run_address>0x157d</run_address>
         <size>0x1d2</size>
         <input_file_ref idref="fl-2c"/>
      </object_component>
      <object_component id="oc-13f">
         <name>.debug_info</name>
         <load_address>0x174f</load_address>
         <run_address>0x174f</run_address>
         <size>0x46</size>
         <input_file_ref idref="fl-2c"/>
      </object_component>
      <object_component id="oc-130">
         <name>.debug_info</name>
         <load_address>0x1795</load_address>
         <run_address>0x1795</run_address>
         <size>0x2c</size>
         <input_file_ref idref="fl-2c"/>
      </object_component>
      <object_component id="oc-148">
         <name>.debug_info</name>
         <load_address>0x17c1</load_address>
         <run_address>0x17c1</run_address>
         <size>0x153</size>
         <input_file_ref idref="fl-2f"/>
      </object_component>
      <object_component id="oc-1e1">
         <name>.debug_info</name>
         <load_address>0x1914</load_address>
         <run_address>0x1914</run_address>
         <size>0x150</size>
         <input_file_ref idref="fl-30"/>
      </object_component>
      <object_component id="oc-18b">
         <name>.debug_info</name>
         <load_address>0x1a64</load_address>
         <run_address>0x1a64</run_address>
         <size>0x122</size>
         <input_file_ref idref="fl-33"/>
      </object_component>
      <object_component id="oc-c0">
         <name>.debug_info</name>
         <load_address>0x1b86</load_address>
         <run_address>0x1b86</run_address>
         <size>0x12e</size>
         <input_file_ref idref="fl-37"/>
      </object_component>
      <object_component id="oc-27b">
         <name>.debug_info</name>
         <load_address>0x1cb4</load_address>
         <run_address>0x1cb4</run_address>
         <size>0x96</size>
      </object_component>
      <object_component id="oc-1c9">
         <name>.debug_line</name>
         <load_address>0x0</load_address>
         <run_address>0x0</run_address>
         <size>0x68</size>
         <input_file_ref idref="fl-2"/>
      </object_component>
      <object_component id="oc-e6">
         <name>.debug_line</name>
         <load_address>0x68</load_address>
         <run_address>0x68</run_address>
         <size>0x44</size>
         <input_file_ref idref="fl-2"/>
      </object_component>
      <object_component id="oc-186">
         <name>.debug_line</name>
         <load_address>0xac</load_address>
         <run_address>0xac</run_address>
         <size>0x47</size>
         <input_file_ref idref="fl-2"/>
      </object_component>
      <object_component id="oc-178">
         <name>.debug_line</name>
         <load_address>0xf3</load_address>
         <run_address>0xf3</run_address>
         <size>0x4d</size>
         <input_file_ref idref="fl-2"/>
      </object_component>
      <object_component id="oc-150">
         <name>.debug_line</name>
         <load_address>0x140</load_address>
         <run_address>0x140</run_address>
         <size>0xa4</size>
         <input_file_ref idref="fl-2"/>
      </object_component>
      <object_component id="oc-cd">
         <name>.debug_line</name>
         <load_address>0x1e4</load_address>
         <run_address>0x1e4</run_address>
         <size>0x20</size>
         <input_file_ref idref="fl-2"/>
      </object_component>
      <object_component id="oc-e0">
         <name>.debug_line</name>
         <load_address>0x204</load_address>
         <run_address>0x204</run_address>
         <size>0x3d</size>
         <input_file_ref idref="fl-29"/>
      </object_component>
      <object_component id="oc-124">
         <name>.debug_line</name>
         <load_address>0x241</load_address>
         <run_address>0x241</run_address>
         <size>0x2a</size>
         <input_file_ref idref="fl-2a"/>
      </object_component>
      <object_component id="oc-fa">
         <name>.debug_line</name>
         <load_address>0x26b</load_address>
         <run_address>0x26b</run_address>
         <size>0x46</size>
         <input_file_ref idref="fl-2a"/>
      </object_component>
      <object_component id="oc-214">
         <name>.debug_line</name>
         <load_address>0x2b1</load_address>
         <run_address>0x2b1</run_address>
         <size>0xbf</size>
         <input_file_ref idref="fl-2b"/>
      </object_component>
      <object_component id="oc-195">
         <name>.debug_line</name>
         <load_address>0x370</load_address>
         <run_address>0x370</run_address>
         <size>0x73</size>
         <input_file_ref idref="fl-2b"/>
      </object_component>
      <object_component id="oc-218">
         <name>.debug_line</name>
         <load_address>0x3e3</load_address>
         <run_address>0x3e3</run_address>
         <size>0x2e</size>
         <input_file_ref idref="fl-2b"/>
      </object_component>
      <object_component id="oc-229">
         <name>.debug_line</name>
         <load_address>0x411</load_address>
         <run_address>0x411</run_address>
         <size>0x9a</size>
         <input_file_ref idref="fl-2b"/>
      </object_component>
      <object_component id="oc-1f2">
         <name>.debug_line</name>
         <load_address>0x4ab</load_address>
         <run_address>0x4ab</run_address>
         <size>0x97</size>
         <input_file_ref idref="fl-2b"/>
      </object_component>
      <object_component id="oc-21d">
         <name>.debug_line</name>
         <load_address>0x542</load_address>
         <run_address>0x542</run_address>
         <size>0x93</size>
         <input_file_ref idref="fl-2b"/>
      </object_component>
      <object_component id="oc-172">
         <name>.debug_line</name>
         <load_address>0x5d5</load_address>
         <run_address>0x5d5</run_address>
         <size>0x20</size>
         <input_file_ref idref="fl-2c"/>
      </object_component>
      <object_component id="oc-eb">
         <name>.debug_line</name>
         <load_address>0x5f5</load_address>
         <run_address>0x5f5</run_address>
         <size>0x4f</size>
         <input_file_ref idref="fl-2c"/>
      </object_component>
      <object_component id="oc-142">
         <name>.debug_line</name>
         <load_address>0x644</load_address>
         <run_address>0x644</run_address>
         <size>0x34</size>
         <input_file_ref idref="fl-2c"/>
      </object_component>
      <object_component id="oc-133">
         <name>.debug_line</name>
         <load_address>0x678</load_address>
         <run_address>0x678</run_address>
         <size>0x92</size>
         <input_file_ref idref="fl-2c"/>
      </object_component>
      <object_component id="oc-14b">
         <name>.debug_line</name>
         <load_address>0x70a</load_address>
         <run_address>0x70a</run_address>
         <size>0x3e</size>
         <input_file_ref idref="fl-2f"/>
      </object_component>
      <object_component id="oc-1df">
         <name>.debug_line</name>
         <load_address>0x748</load_address>
         <run_address>0x748</run_address>
         <size>0x3a</size>
         <input_file_ref idref="fl-30"/>
      </object_component>
      <object_component id="oc-18a">
         <name>.debug_line</name>
         <load_address>0x782</load_address>
         <run_address>0x782</run_address>
         <size>0x3d</size>
         <input_file_ref idref="fl-33"/>
      </object_component>
      <object_component id="oc-c3">
         <name>.debug_line</name>
         <load_address>0x7bf</load_address>
         <run_address>0x7bf</run_address>
         <size>0x40</size>
         <input_file_ref idref="fl-37"/>
      </object_component>
      <object_component id="oc-e5">
         <name>.debug_frame</name>
         <load_address>0x0</load_address>
         <run_address>0x0</run_address>
         <size>0x3c</size>
         <input_file_ref idref="fl-2"/>
      </object_component>
      <object_component id="oc-185">
         <name>.debug_frame</name>
         <load_address>0x3c</load_address>
         <run_address>0x3c</run_address>
         <size>0x3c</size>
         <input_file_ref idref="fl-2"/>
      </object_component>
      <object_component id="oc-179">
         <name>.debug_frame</name>
         <load_address>0x78</load_address>
         <run_address>0x78</run_address>
         <size>0x3c</size>
         <input_file_ref idref="fl-2"/>
      </object_component>
      <object_component id="oc-151">
         <name>.debug_frame</name>
         <load_address>0xb4</load_address>
         <run_address>0xb4</run_address>
         <size>0x40</size>
         <input_file_ref idref="fl-2"/>
      </object_component>
      <object_component id="oc-fe">
         <name>.debug_frame</name>
         <load_address>0xf4</load_address>
         <run_address>0xf4</run_address>
         <size>0x34</size>
         <input_file_ref idref="fl-2a"/>
      </object_component>
      <object_component id="oc-199">
         <name>.debug_frame</name>
         <load_address>0x128</load_address>
         <run_address>0x128</run_address>
         <size>0x44</size>
         <input_file_ref idref="fl-2b"/>
      </object_component>
      <object_component id="oc-ec">
         <name>.debug_frame</name>
         <load_address>0x16c</load_address>
         <run_address>0x16c</run_address>
         <size>0x3c</size>
         <input_file_ref idref="fl-2c"/>
      </object_component>
      <object_component id="oc-147">
         <name>.debug_frame</name>
         <load_address>0x1a8</load_address>
         <run_address>0x1a8</run_address>
         <size>0x3c</size>
         <input_file_ref idref="fl-2f"/>
      </object_component>
      <object_component id="oc-1e0">
         <name>.debug_frame</name>
         <load_address>0x1e4</load_address>
         <run_address>0x1e4</run_address>
         <size>0x3c</size>
         <input_file_ref idref="fl-30"/>
      </object_component>
      <object_component id="oc-189">
         <name>.debug_frame</name>
         <load_address>0x220</load_address>
         <run_address>0x220</run_address>
         <size>0x3c</size>
         <input_file_ref idref="fl-33"/>
      </object_component>
      <object_component id="oc-1c8">
         <name>.debug_abbrev</name>
         <load_address>0x0</load_address>
         <run_address>0x0</run_address>
         <size>0x80</size>
         <input_file_ref idref="fl-2"/>
      </object_component>
      <object_component id="oc-13d">
         <name>.debug_abbrev</name>
         <load_address>0x80</load_address>
         <run_address>0x80</run_address>
         <size>0x53</size>
         <input_file_ref idref="fl-2"/>
      </object_component>
      <object_component id="oc-1ca">
         <name>.debug_abbrev</name>
         <load_address>0xd3</load_address>
         <run_address>0xd3</run_address>
         <size>0x50</size>
         <input_file_ref idref="fl-2"/>
      </object_component>
      <object_component id="oc-1c7">
         <name>.debug_abbrev</name>
         <load_address>0x123</load_address>
         <run_address>0x123</run_address>
         <size>0x50</size>
         <input_file_ref idref="fl-2"/>
      </object_component>
      <object_component id="oc-187">
         <name>.debug_abbrev</name>
         <load_address>0x173</load_address>
         <run_address>0x173</run_address>
         <size>0x62</size>
         <input_file_ref idref="fl-2"/>
      </object_component>
      <object_component id="oc-cc">
         <name>.debug_abbrev</name>
         <load_address>0x1d5</load_address>
         <run_address>0x1d5</run_address>
         <size>0x1f</size>
         <input_file_ref idref="fl-2"/>
      </object_component>
      <object_component id="oc-13c">
         <name>.debug_abbrev</name>
         <load_address>0x1f4</load_address>
         <run_address>0x1f4</run_address>
         <size>0x28</size>
         <input_file_ref idref="fl-29"/>
      </object_component>
      <object_component id="oc-123">
         <name>.debug_abbrev</name>
         <load_address>0x21c</load_address>
         <run_address>0x21c</run_address>
         <size>0x29</size>
         <input_file_ref idref="fl-2a"/>
      </object_component>
      <object_component id="oc-155">
         <name>.debug_abbrev</name>
         <load_address>0x245</load_address>
         <run_address>0x245</run_address>
         <size>0x58</size>
         <input_file_ref idref="fl-2a"/>
      </object_component>
      <object_component id="oc-213">
         <name>.debug_abbrev</name>
         <load_address>0x29d</load_address>
         <run_address>0x29d</run_address>
         <size>0xc0</size>
         <input_file_ref idref="fl-2b"/>
      </object_component>
      <object_component id="oc-1e3">
         <name>.debug_abbrev</name>
         <load_address>0x35d</load_address>
         <run_address>0x35d</run_address>
         <size>0x7e</size>
         <input_file_ref idref="fl-2b"/>
      </object_component>
      <object_component id="oc-217">
         <name>.debug_abbrev</name>
         <load_address>0x3db</load_address>
         <run_address>0x3db</run_address>
         <size>0x24</size>
         <input_file_ref idref="fl-2b"/>
      </object_component>
      <object_component id="oc-228">
         <name>.debug_abbrev</name>
         <load_address>0x3ff</load_address>
         <run_address>0x3ff</run_address>
         <size>0x24</size>
         <input_file_ref idref="fl-2b"/>
      </object_component>
      <object_component id="oc-1f1">
         <name>.debug_abbrev</name>
         <load_address>0x423</load_address>
         <run_address>0x423</run_address>
         <size>0x24</size>
         <input_file_ref idref="fl-2b"/>
      </object_component>
      <object_component id="oc-21c">
         <name>.debug_abbrev</name>
         <load_address>0x447</load_address>
         <run_address>0x447</run_address>
         <size>0x4b</size>
         <input_file_ref idref="fl-2b"/>
      </object_component>
      <object_component id="oc-171">
         <name>.debug_abbrev</name>
         <load_address>0x492</load_address>
         <run_address>0x492</run_address>
         <size>0x37</size>
         <input_file_ref idref="fl-2c"/>
      </object_component>
      <object_component id="oc-13e">
         <name>.debug_abbrev</name>
         <load_address>0x4c9</load_address>
         <run_address>0x4c9</run_address>
         <size>0x6f</size>
         <input_file_ref idref="fl-2c"/>
      </object_component>
      <object_component id="oc-141">
         <name>.debug_abbrev</name>
         <load_address>0x538</load_address>
         <run_address>0x538</run_address>
         <size>0x24</size>
         <input_file_ref idref="fl-2c"/>
      </object_component>
      <object_component id="oc-132">
         <name>.debug_abbrev</name>
         <load_address>0x55c</load_address>
         <run_address>0x55c</run_address>
         <size>0x24</size>
         <input_file_ref idref="fl-2c"/>
      </object_component>
      <object_component id="oc-173">
         <name>.debug_abbrev</name>
         <load_address>0x580</load_address>
         <run_address>0x580</run_address>
         <size>0x55</size>
         <input_file_ref idref="fl-2f"/>
      </object_component>
      <object_component id="oc-212">
         <name>.debug_abbrev</name>
         <load_address>0x5d5</load_address>
         <run_address>0x5d5</run_address>
         <size>0x53</size>
         <input_file_ref idref="fl-30"/>
      </object_component>
      <object_component id="oc-1cb">
         <name>.debug_abbrev</name>
         <load_address>0x628</load_address>
         <run_address>0x628</run_address>
         <size>0x45</size>
         <input_file_ref idref="fl-33"/>
      </object_component>
      <object_component id="oc-127">
         <name>.debug_abbrev</name>
         <load_address>0x66d</load_address>
         <run_address>0x66d</run_address>
         <size>0x3a</size>
         <input_file_ref idref="fl-37"/>
      </object_component>
      <object_component id="oc-27c">
         <name>.debug_abbrev</name>
         <load_address>0x6a7</load_address>
         <run_address>0x6a7</run_address>
         <size>0xf</size>
      </object_component>
      <object_component id="oc-ce">
         <name>.debug_str</name>
         <load_address>0x0</load_address>
         <run_address>0x0</run_address>
         <size>0xfd</size>
         <input_file_ref idref="fl-2"/>
      </object_component>
      <object_component id="oc-219">
         <name>.debug_str</name>
         <load_address>0xfd</load_address>
         <run_address>0xfd</run_address>
         <size>0xed</size>
         <input_file_ref idref="fl-2b"/>
      </object_component>
      <object_component id="oc-22a">
         <name>.debug_str</name>
         <load_address>0x1ea</load_address>
         <run_address>0x1ea</run_address>
         <size>0x14c</size>
         <input_file_ref idref="fl-2b"/>
      </object_component>
      <object_component id="oc-1f3">
         <name>.debug_str</name>
         <load_address>0x336</load_address>
         <run_address>0x336</run_address>
         <size>0x147</size>
         <input_file_ref idref="fl-2b"/>
      </object_component>
      <object_component id="oc-21e">
         <name>.debug_str</name>
         <load_address>0x47d</load_address>
         <run_address>0x47d</run_address>
         <size>0x197</size>
         <input_file_ref idref="fl-2b"/>
      </object_component>
      <object_component id="oc-143">
         <name>.debug_str</name>
         <load_address>0x614</load_address>
         <run_address>0x614</run_address>
         <size>0x105</size>
         <input_file_ref idref="fl-2c"/>
      </object_component>
      <object_component id="oc-134">
         <name>.debug_str</name>
         <load_address>0x719</load_address>
         <run_address>0x719</run_address>
         <size>0x140</size>
         <input_file_ref idref="fl-2c"/>
      </object_component>
      <object_component id="oc-e3">
         <name>.debug_aranges</name>
         <load_address>0x0</load_address>
         <run_address>0x0</run_address>
         <size>0x20</size>
         <input_file_ref idref="fl-2"/>
      </object_component>
      <object_component id="oc-183">
         <name>.debug_aranges</name>
         <load_address>0x20</load_address>
         <run_address>0x20</run_address>
         <size>0x20</size>
         <input_file_ref idref="fl-2"/>
      </object_component>
      <object_component id="oc-177">
         <name>.debug_aranges</name>
         <load_address>0x40</load_address>
         <run_address>0x40</run_address>
         <size>0x20</size>
         <input_file_ref idref="fl-2"/>
      </object_component>
      <object_component id="oc-14f">
         <name>.debug_aranges</name>
         <load_address>0x60</load_address>
         <run_address>0x60</run_address>
         <size>0x20</size>
         <input_file_ref idref="fl-2"/>
      </object_component>
      <object_component id="oc-dd">
         <name>.debug_aranges</name>
         <load_address>0x80</load_address>
         <run_address>0x80</run_address>
         <size>0x20</size>
         <input_file_ref idref="fl-29"/>
      </object_component>
      <object_component id="oc-fd">
         <name>.debug_aranges</name>
         <load_address>0xa0</load_address>
         <run_address>0xa0</run_address>
         <size>0x20</size>
         <input_file_ref idref="fl-2a"/>
      </object_component>
      <object_component id="oc-197">
         <name>.debug_aranges</name>
         <load_address>0xc0</load_address>
         <run_address>0xc0</run_address>
         <size>0x20</size>
         <input_file_ref idref="fl-2b"/>
      </object_component>
      <object_component id="oc-e8">
         <name>.debug_aranges</name>
         <load_address>0xe0</load_address>
         <run_address>0xe0</run_address>
         <size>0x20</size>
         <input_file_ref idref="fl-2c"/>
      </object_component>
      <object_component id="oc-149">
         <name>.debug_aranges</name>
         <load_address>0x100</load_address>
         <run_address>0x100</run_address>
         <size>0x20</size>
         <input_file_ref idref="fl-2f"/>
      </object_component>
      <object_component id="oc-1de">
         <name>.debug_aranges</name>
         <load_address>0x120</load_address>
         <run_address>0x120</run_address>
         <size>0x20</size>
         <input_file_ref idref="fl-30"/>
      </object_component>
      <object_component id="oc-18d">
         <name>.debug_aranges</name>
         <load_address>0x140</load_address>
         <run_address>0x140</run_address>
         <size>0x20</size>
         <input_file_ref idref="fl-33"/>
      </object_component>
      <object_component id="oc-c1">
         <name>.debug_aranges</name>
         <load_address>0x160</load_address>
         <run_address>0x160</run_address>
         <size>0x20</size>
         <input_file_ref idref="fl-37"/>
      </object_component>
      <object_component id="oc-17c">
         <name>.debug_pubnames</name>
         <load_address>0x0</load_address>
         <run_address>0x0</run_address>
         <size>0x55</size>
         <input_file_ref idref="fl-2"/>
      </object_component>
      <object_component id="oc-e4">
         <name>.debug_pubnames</name>
         <load_address>0x55</load_address>
         <run_address>0x55</run_address>
         <size>0x25</size>
         <input_file_ref idref="fl-2"/>
      </object_component>
      <object_component id="oc-184">
         <name>.debug_pubnames</name>
         <load_address>0x7a</load_address>
         <run_address>0x7a</run_address>
         <size>0x20</size>
         <input_file_ref idref="fl-2"/>
      </object_component>
      <object_component id="oc-176">
         <name>.debug_pubnames</name>
         <load_address>0x9a</load_address>
         <run_address>0x9a</run_address>
         <size>0x24</size>
         <input_file_ref idref="fl-2"/>
      </object_component>
      <object_component id="oc-14e">
         <name>.debug_pubnames</name>
         <load_address>0xbe</load_address>
         <run_address>0xbe</run_address>
         <size>0x1b</size>
         <input_file_ref idref="fl-2"/>
      </object_component>
      <object_component id="oc-df">
         <name>.debug_pubnames</name>
         <load_address>0xd9</load_address>
         <run_address>0xd9</run_address>
         <size>0x2b</size>
         <input_file_ref idref="fl-29"/>
      </object_component>
      <object_component id="oc-b3">
         <name>.debug_pubnames</name>
         <load_address>0x104</load_address>
         <run_address>0x104</run_address>
         <size>0x1d</size>
         <input_file_ref idref="fl-2a"/>
      </object_component>
      <object_component id="oc-fc">
         <name>.debug_pubnames</name>
         <load_address>0x121</load_address>
         <run_address>0x121</run_address>
         <size>0x26</size>
         <input_file_ref idref="fl-2a"/>
      </object_component>
      <object_component id="oc-198">
         <name>.debug_pubnames</name>
         <load_address>0x147</load_address>
         <run_address>0x147</run_address>
         <size>0x35</size>
         <input_file_ref idref="fl-2b"/>
      </object_component>
      <object_component id="oc-ea">
         <name>.debug_pubnames</name>
         <load_address>0x17c</load_address>
         <run_address>0x17c</run_address>
         <size>0x2e</size>
         <input_file_ref idref="fl-2c"/>
      </object_component>
      <object_component id="oc-14a">
         <name>.debug_pubnames</name>
         <load_address>0x1aa</load_address>
         <run_address>0x1aa</run_address>
         <size>0x27</size>
         <input_file_ref idref="fl-2f"/>
      </object_component>
      <object_component id="oc-1e2">
         <name>.debug_pubnames</name>
         <load_address>0x1d1</load_address>
         <run_address>0x1d1</run_address>
         <size>0x29</size>
         <input_file_ref idref="fl-30"/>
      </object_component>
      <object_component id="oc-18c">
         <name>.debug_pubnames</name>
         <load_address>0x1fa</load_address>
         <run_address>0x1fa</run_address>
         <size>0x1c</size>
         <input_file_ref idref="fl-33"/>
      </object_component>
      <object_component id="oc-c2">
         <name>.debug_pubnames</name>
         <load_address>0x216</load_address>
         <run_address>0x216</run_address>
         <size>0x2b</size>
         <input_file_ref idref="fl-37"/>
      </object_component>
      <object_component id="oc-cb">
         <name>.debug_pubtypes</name>
         <load_address>0x0</load_address>
         <run_address>0x0</run_address>
         <size>0xed</size>
         <input_file_ref idref="fl-2"/>
      </object_component>
      <object_component id="oc-216">
         <name>.debug_pubtypes</name>
         <load_address>0xed</load_address>
         <run_address>0xed</run_address>
         <size>0x32</size>
         <input_file_ref idref="fl-2b"/>
      </object_component>
      <object_component id="oc-227">
         <name>.debug_pubtypes</name>
         <load_address>0x11f</load_address>
         <run_address>0x11f</run_address>
         <size>0x21</size>
         <input_file_ref idref="fl-2b"/>
      </object_component>
      <object_component id="oc-1f0">
         <name>.debug_pubtypes</name>
         <load_address>0x140</load_address>
         <run_address>0x140</run_address>
         <size>0x1f</size>
         <input_file_ref idref="fl-2b"/>
      </object_component>
      <object_component id="oc-21b">
         <name>.debug_pubtypes</name>
         <load_address>0x15f</load_address>
         <run_address>0x15f</run_address>
         <size>0x50</size>
         <input_file_ref idref="fl-2b"/>
      </object_component>
      <object_component id="oc-140">
         <name>.debug_pubtypes</name>
         <load_address>0x1af</load_address>
         <run_address>0x1af</run_address>
         <size>0x48</size>
         <input_file_ref idref="fl-2c"/>
      </object_component>
      <object_component id="oc-131">
         <name>.debug_pubtypes</name>
         <load_address>0x1f7</load_address>
         <run_address>0x1f7</run_address>
         <size>0x1d</size>
         <input_file_ref idref="fl-2c"/>
      </object_component>
   </object_component_list>
   <logical_group_list>
      <logical_group id="lg-2" display="no" color="cyan">
         <name>.bss</name>
         <run_address>0x200</run_address>
         <size>0x9</size>
         <contents>
            <object_component_ref idref="oc-17d"/>
            <object_component_ref idref="oc-17a"/>
            <object_component_ref idref="oc-17f"/>
            <object_component_ref idref="oc-17e"/>
            <object_component_ref idref="oc-180"/>
         </contents>
      </logical_group>
      <logical_group id="lg-3" display="no" color="cyan">
         <name>.data</name>
         <run_address>0x0</run_address>
         <size>0x0</size>
         <contents>
         </contents>
      </logical_group>
      <logical_group id="lg-4" display="no" color="cyan">
         <name>.TI.noinit</name>
         <run_address>0x0</run_address>
         <size>0x0</size>
         <contents>
         </contents>
      </logical_group>
      <logical_group id="lg-5" display="no" color="cyan">
         <name>.sysmem</name>
         <run_address>0x0</run_address>
         <size>0x0</size>
         <contents>
         </contents>
      </logical_group>
      <logical_group id="lg-6" display="no" color="cyan">
         <name>.stack</name>
         <run_address>0x3b0</run_address>
         <size>0x50</size>
         <contents>
            <object_component_ref idref="oc-b1"/>
            <object_component_ref idref="oc-27a"/>
         </contents>
      </logical_group>
      <logical_group id="lg-7" display="no" color="cyan">
         <name>.text</name>
         <load_address>0xc000</load_address>
         <run_address>0xc000</run_address>
         <size>0x21e</size>
         <contents>
            <object_component_ref idref="oc-14c"/>
            <object_component_ref idref="oc-194"/>
            <object_component_ref idref="oc-174"/>
            <object_component_ref idref="oc-f9"/>
            <object_component_ref idref="oc-181"/>
            <object_component_ref idref="oc-e7"/>
            <object_component_ref idref="oc-bf"/>
            <object_component_ref idref="oc-e1"/>
            <object_component_ref idref="oc-dc"/>
            <object_component_ref idref="oc-188"/>
            <object_component_ref idref="oc-146"/>
            <object_component_ref idref="oc-1dd"/>
         </contents>
      </logical_group>
      <logical_group id="lg-8" display="no" color="cyan">
         <name>.cinit</name>
         <load_address>0xc21e</load_address>
         <run_address>0xc21e</run_address>
         <size>0xa</size>
         <contents>
            <object_component_ref idref="oc-279"/>
            <object_component_ref idref="oc-277"/>
            <object_component_ref idref="oc-278"/>
         </contents>
      </logical_group>
      <logical_group id="lg-9" display="no" color="cyan">
         <name>.const</name>
         <run_address>0x0</run_address>
         <size>0x0</size>
         <contents>
         </contents>
      </logical_group>
      <logical_group id="lg-a" display="no" color="cyan">
         <name>.bslsignature</name>
         <run_address>0x0</run_address>
         <size>0x0</size>
         <contents>
         </contents>
      </logical_group>
      <logical_group id="lg-b" display="no" color="cyan">
         <name>.cio</name>
         <run_address>0x0</run_address>
         <size>0x0</size>
         <contents>
         </contents>
      </logical_group>
      <logical_group id="lg-c" display="no" color="cyan">
         <name>.pinit</name>
         <run_address>0x0</run_address>
         <size>0x0</size>
         <contents>
         </contents>
      </logical_group>
      <logical_group id="lg-d" display="no" color="cyan">
         <name>.binit</name>
         <load_address>0xc000</load_address>
         <run_address>0xc000</run_address>
         <size>0x0</size>
         <contents>
            <object_component_ref idref="oc-239"/>
         </contents>
      </logical_group>
      <logical_group id="lg-e" display="no" color="cyan">
         <name>.init_array</name>
         <run_address>0x0</run_address>
         <size>0x0</size>
         <contents>
         </contents>
      </logical_group>
      <logical_group id="lg-f" display="no" color="cyan">
         <name>.mspabi.exidx</name>
         <run_address>0x0</run_address>
         <size>0x0</size>
         <contents>
         </contents>
      </logical_group>
      <logical_group id="lg-10" display="no" color="cyan">
         <name>.mspabi.extab</name>
         <run_address>0x0</run_address>
         <size>0x0</size>
         <contents>
         </contents>
      </logical_group>
      <logical_group id="lg-11" display="no" color="cyan">
         <name>.TI.ramfunc</name>
         <run_address>0x0</run_address>
         <size>0x0</size>
         <contents>
         </contents>
      </logical_group>
      <logical_group id="lg-12" display="no" color="cyan">
         <name>.infoA</name>
         <run_address>0x0</run_address>
         <size>0x0</size>
         <contents>
         </contents>
      </logical_group>
      <logical_group id="lg-13" display="no" color="cyan">
         <name>.infoB</name>
         <run_address>0x0</run_address>
         <size>0x0</size>
         <contents>
         </contents>
      </logical_group>
      <logical_group id="lg-14" display="no" color="cyan">
         <name>.infoC</name>
         <run_address>0x0</run_address>
         <size>0x0</size>
         <contents>
         </contents>
      </logical_group>
      <logical_group id="lg-15" display="no" color="cyan">
         <name>.infoD</name>
         <run_address>0x0</run_address>
         <size>0x0</size>
         <contents>
         </contents>
      </logical_group>
      <logical_group id="lg-16" display="no" color="cyan">
         <name>TRAPINT</name>
         <load_address>0xffe0</load_address>
         <run_address>0xffe0</run_address>
         <size>0x2</size>
         <contents>
            <object_component_ref idref="oc-40"/>
         </contents>
      </logical_group>
      <logical_group id="lg-18" display="no" color="cyan">
         <name>.int01</name>
         <run_address>0x0</run_address>
         <size>0x0</size>
         <contents>
         </contents>
      </logical_group>
      <logical_group id="lg-19" display="no" color="cyan">
         <name>PORT1</name>
         <load_address>0xffe4</load_address>
         <run_address>0xffe4</run_address>
         <size>0x2</size>
         <contents>
            <object_component_ref idref="oc-41"/>
         </contents>
      </logical_group>
      <logical_group id="lg-1b" display="no" color="cyan">
         <name>PORT2</name>
         <load_address>0xffe6</load_address>
         <run_address>0xffe6</run_address>
         <size>0x2</size>
         <contents>
            <object_component_ref idref="oc-42"/>
         </contents>
      </logical_group>
      <logical_group id="lg-1d" display="no" color="cyan">
         <name>.int04</name>
         <run_address>0x0</run_address>
         <size>0x0</size>
         <contents>
         </contents>
      </logical_group>
      <logical_group id="lg-1e" display="no" color="cyan">
         <name>ADC10</name>
         <load_address>0xffea</load_address>
         <run_address>0xffea</run_address>
         <size>0x2</size>
         <contents>
            <object_component_ref idref="oc-43"/>
         </contents>
      </logical_group>
      <logical_group id="lg-20" display="no" color="cyan">
         <name>USCIAB0TX</name>
         <load_address>0xffec</load_address>
         <run_address>0xffec</run_address>
         <size>0x2</size>
         <contents>
            <object_component_ref idref="oc-44"/>
         </contents>
      </logical_group>
      <logical_group id="lg-22" display="no" color="cyan">
         <name>USCIAB0RX</name>
         <load_address>0xffee</load_address>
         <run_address>0xffee</run_address>
         <size>0x2</size>
         <contents>
            <object_component_ref idref="oc-45"/>
         </contents>
      </logical_group>
      <logical_group id="lg-24" display="no" color="cyan">
         <name>TIMER0_A1</name>
         <load_address>0xfff0</load_address>
         <run_address>0xfff0</run_address>
         <size>0x2</size>
         <contents>
            <object_component_ref idref="oc-46"/>
         </contents>
      </logical_group>
      <logical_group id="lg-26" display="no" color="cyan">
         <name>TIMER0_A0</name>
         <load_address>0xfff2</load_address>
         <run_address>0xfff2</run_address>
         <size>0x2</size>
         <contents>
            <object_component_ref idref="oc-47"/>
         </contents>
      </logical_group>
      <logical_group id="lg-28" display="no" color="cyan">
         <name>WDT</name>
         <load_address>0xfff4</load_address>
         <run_address>0xfff4</run_address>
         <size>0x2</size>
         <contents>
            <object_component_ref idref="oc-48"/>
         </contents>
      </logical_group>
      <logical_group id="lg-2a" display="no" color="cyan">
         <name>COMPARATORA</name>
         <load_address>0xfff6</load_address>
         <run_address>0xfff6</run_address>
         <size>0x2</size>
         <contents>
            <object_component_ref idref="oc-49"/>
         </contents>
      </logical_group>
      <logical_group id="lg-2c" display="no" color="cyan">
         <name>TIMER1_A1</name>
         <load_address>0xfff8</load_address>
         <run_address>0xfff8</run_address>
         <size>0x2</size>
         <contents>
            <object_component_ref idref="oc-4a"/>
         </contents>
      </logical_group>
      <logical_group id="lg-2e" display="no" color="cyan">
         <name>TIMER1_A0</name>
         <load_address>0xfffa</load_address>
         <run_address>0xfffa</run_address>
         <size>0x2</size>
         <contents>
            <object_component_ref idref="oc-4b"/>
         </contents>
      </logical_group>
      <logical_group id="lg-30" display="no" color="cyan">
         <name>NMI</name>
         <load_address>0xfffc</load_address>
         <run_address>0xfffc</run_address>
         <size>0x2</size>
         <contents>
            <object_component_ref idref="oc-4c"/>
         </contents>
      </logical_group>
      <logical_group id="lg-32" display="no" color="cyan">
         <name>.reset</name>
         <load_address>0xfffe</load_address>
         <run_address>0xfffe</run_address>
         <size>0x2</size>
         <contents>
            <object_component_ref idref="oc-b4"/>
         </contents>
      </logical_group>
      <logical_group id="lg-238" display="no" color="cyan">
         <name>.TI.persistent</name>
         <run_address>0x0</run_address>
         <size>0x0</size>
         <contents>
         </contents>
      </logical_group>
      <logical_group id="lg-25f" display="never" color="cyan">
         <name>.debug_info</name>
         <load_address>0x0</load_address>
         <run_address>0x0</run_address>
         <size>0x1d4a</size>
         <contents>
            <object_component_ref idref="oc-17b"/>
            <object_component_ref idref="oc-e2"/>
            <object_component_ref idref="oc-182"/>
            <object_component_ref idref="oc-175"/>
            <object_component_ref idref="oc-14d"/>
            <object_component_ref idref="oc-ca"/>
            <object_component_ref idref="oc-de"/>
            <object_component_ref idref="oc-b2"/>
            <object_component_ref idref="oc-fb"/>
            <object_component_ref idref="oc-1e4"/>
            <object_component_ref idref="oc-196"/>
            <object_component_ref idref="oc-215"/>
            <object_component_ref idref="oc-226"/>
            <object_component_ref idref="oc-1ef"/>
            <object_component_ref idref="oc-21a"/>
            <object_component_ref idref="oc-144"/>
            <object_component_ref idref="oc-e9"/>
            <object_component_ref idref="oc-13f"/>
            <object_component_ref idref="oc-130"/>
            <object_component_ref idref="oc-148"/>
            <object_component_ref idref="oc-1e1"/>
            <object_component_ref idref="oc-18b"/>
            <object_component_ref idref="oc-c0"/>
            <object_component_ref idref="oc-27b"/>
         </contents>
      </logical_group>
      <logical_group id="lg-261" display="never" color="cyan">
         <name>.debug_line</name>
         <load_address>0x0</load_address>
         <run_address>0x0</run_address>
         <size>0x7ff</size>
         <contents>
            <object_component_ref idref="oc-1c9"/>
            <object_component_ref idref="oc-e6"/>
            <object_component_ref idref="oc-186"/>
            <object_component_ref idref="oc-178"/>
            <object_component_ref idref="oc-150"/>
            <object_component_ref idref="oc-cd"/>
            <object_component_ref idref="oc-e0"/>
            <object_component_ref idref="oc-124"/>
            <object_component_ref idref="oc-fa"/>
            <object_component_ref idref="oc-214"/>
            <object_component_ref idref="oc-195"/>
            <object_component_ref idref="oc-218"/>
            <object_component_ref idref="oc-229"/>
            <object_component_ref idref="oc-1f2"/>
            <object_component_ref idref="oc-21d"/>
            <object_component_ref idref="oc-172"/>
            <object_component_ref idref="oc-eb"/>
            <object_component_ref idref="oc-142"/>
            <object_component_ref idref="oc-133"/>
            <object_component_ref idref="oc-14b"/>
            <object_component_ref idref="oc-1df"/>
            <object_component_ref idref="oc-18a"/>
            <object_component_ref idref="oc-c3"/>
         </contents>
      </logical_group>
      <logical_group id="lg-263" display="never" color="cyan">
         <name>.debug_frame</name>
         <load_address>0x0</load_address>
         <run_address>0x0</run_address>
         <size>0x25c</size>
         <contents>
            <object_component_ref idref="oc-e5"/>
            <object_component_ref idref="oc-185"/>
            <object_component_ref idref="oc-179"/>
            <object_component_ref idref="oc-151"/>
            <object_component_ref idref="oc-fe"/>
            <object_component_ref idref="oc-199"/>
            <object_component_ref idref="oc-ec"/>
            <object_component_ref idref="oc-147"/>
            <object_component_ref idref="oc-1e0"/>
            <object_component_ref idref="oc-189"/>
         </contents>
      </logical_group>
      <logical_group id="lg-265" display="never" color="cyan">
         <name>.debug_abbrev</name>
         <load_address>0x0</load_address>
         <run_address>0x0</run_address>
         <size>0x6b6</size>
         <contents>
            <object_component_ref idref="oc-1c8"/>
            <object_component_ref idref="oc-13d"/>
            <object_component_ref idref="oc-1ca"/>
            <object_component_ref idref="oc-1c7"/>
            <object_component_ref idref="oc-187"/>
            <object_component_ref idref="oc-cc"/>
            <object_component_ref idref="oc-13c"/>
            <object_component_ref idref="oc-123"/>
            <object_component_ref idref="oc-155"/>
            <object_component_ref idref="oc-213"/>
            <object_component_ref idref="oc-1e3"/>
            <object_component_ref idref="oc-217"/>
            <object_component_ref idref="oc-228"/>
            <object_component_ref idref="oc-1f1"/>
            <object_component_ref idref="oc-21c"/>
            <object_component_ref idref="oc-171"/>
            <object_component_ref idref="oc-13e"/>
            <object_component_ref idref="oc-141"/>
            <object_component_ref idref="oc-132"/>
            <object_component_ref idref="oc-173"/>
            <object_component_ref idref="oc-212"/>
            <object_component_ref idref="oc-1cb"/>
            <object_component_ref idref="oc-127"/>
            <object_component_ref idref="oc-27c"/>
         </contents>
      </logical_group>
      <logical_group id="lg-267" display="never" color="cyan">
         <name>.debug_str</name>
         <load_address>0x0</load_address>
         <run_address>0x0</run_address>
         <size>0x859</size>
         <contents>
            <object_component_ref idref="oc-ce"/>
            <object_component_ref idref="oc-219"/>
            <object_component_ref idref="oc-22a"/>
            <object_component_ref idref="oc-1f3"/>
            <object_component_ref idref="oc-21e"/>
            <object_component_ref idref="oc-143"/>
            <object_component_ref idref="oc-134"/>
         </contents>
      </logical_group>
      <logical_group id="lg-269" display="never" color="cyan">
         <name>.debug_aranges</name>
         <load_address>0x0</load_address>
         <run_address>0x0</run_address>
         <size>0x180</size>
         <contents>
            <object_component_ref idref="oc-e3"/>
            <object_component_ref idref="oc-183"/>
            <object_component_ref idref="oc-177"/>
            <object_component_ref idref="oc-14f"/>
            <object_component_ref idref="oc-dd"/>
            <object_component_ref idref="oc-fd"/>
            <object_component_ref idref="oc-197"/>
            <object_component_ref idref="oc-e8"/>
            <object_component_ref idref="oc-149"/>
            <object_component_ref idref="oc-1de"/>
            <object_component_ref idref="oc-18d"/>
            <object_component_ref idref="oc-c1"/>
         </contents>
      </logical_group>
      <logical_group id="lg-26b" display="never" color="cyan">
         <name>.debug_pubnames</name>
         <load_address>0x0</load_address>
         <run_address>0x0</run_address>
         <size>0x241</size>
         <contents>
            <object_component_ref idref="oc-17c"/>
            <object_component_ref idref="oc-e4"/>
            <object_component_ref idref="oc-184"/>
            <object_component_ref idref="oc-176"/>
            <object_component_ref idref="oc-14e"/>
            <object_component_ref idref="oc-df"/>
            <object_component_ref idref="oc-b3"/>
            <object_component_ref idref="oc-fc"/>
            <object_component_ref idref="oc-198"/>
            <object_component_ref idref="oc-ea"/>
            <object_component_ref idref="oc-14a"/>
            <object_component_ref idref="oc-1e2"/>
            <object_component_ref idref="oc-18c"/>
            <object_component_ref idref="oc-c2"/>
         </contents>
      </logical_group>
      <logical_group id="lg-26d" display="never" color="cyan">
         <name>.debug_pubtypes</name>
         <load_address>0x0</load_address>
         <run_address>0x0</run_address>
         <size>0x214</size>
         <contents>
            <object_component_ref idref="oc-cb"/>
            <object_component_ref idref="oc-216"/>
            <object_component_ref idref="oc-227"/>
            <object_component_ref idref="oc-1f0"/>
            <object_component_ref idref="oc-21b"/>
            <object_component_ref idref="oc-140"/>
            <object_component_ref idref="oc-131"/>
         </contents>
      </logical_group>
      <logical_group id="lg-27d" display="no" color="cyan">
         <name>$fill000</name>
         <load_address>0xffde</load_address>
         <run_address>0xffde</run_address>
         <size>0x2</size>
         <contents>
         </contents>
      </logical_group>
      <load_segment id="lg-27f" display="no" color="cyan">
         <name>SEGMENT_0</name>
         <run_address>0x200</run_address>
         <size>0x9</size>
         <flags>0x6</flags>
         <contents>
            <logical_group_ref idref="lg-2"/>
         </contents>
      </load_segment>
      <load_segment id="lg-280" display="no" color="cyan">
         <name>SEGMENT_1</name>
         <run_address>0x3b0</run_address>
         <size>0x50</size>
         <flags>0x6</flags>
         <contents>
            <logical_group_ref idref="lg-6"/>
         </contents>
      </load_segment>
      <load_segment id="lg-281" display="no" color="cyan">
         <name>SEGMENT_2</name>
         <load_address>0xc000</load_address>
         <run_address>0xc000</run_address>
         <size>0x228</size>
         <flags>0x5</flags>
         <contents>
            <logical_group_ref idref="lg-7"/>
            <logical_group_ref idref="lg-8"/>
         </contents>
      </load_segment>
      <load_segment id="lg-282" display="no" color="cyan">
         <name>SEGMENT_3</name>
         <load_address>0xffde</load_address>
         <run_address>0xffde</run_address>
         <size>0x4</size>
         <flags>0x4</flags>
         <contents>
            <logical_group_ref idref="lg-27d"/>
            <logical_group_ref idref="lg-16"/>
         </contents>
      </load_segment>
      <load_segment id="lg-283" display="no" color="cyan">
         <name>SEGMENT_4</name>
         <load_address>0xffe4</load_address>
         <run_address>0xffe4</run_address>
         <size>0x4</size>
         <flags>0x4</flags>
         <contents>
            <logical_group_ref idref="lg-19"/>
            <logical_group_ref idref="lg-1b"/>
         </contents>
      </load_segment>
      <load_segment id="lg-284" display="no" color="cyan">
         <name>SEGMENT_5</name>
         <load_address>0xffea</load_address>
         <run_address>0xffea</run_address>
         <size>0x16</size>
         <flags>0x4</flags>
         <contents>
            <logical_group_ref idref="lg-1e"/>
            <logical_group_ref idref="lg-20"/>
            <logical_group_ref idref="lg-22"/>
            <logical_group_ref idref="lg-24"/>
            <logical_group_ref idref="lg-26"/>
            <logical_group_ref idref="lg-28"/>
            <logical_group_ref idref="lg-2a"/>
            <logical_group_ref idref="lg-2c"/>
            <logical_group_ref idref="lg-2e"/>
            <logical_group_ref idref="lg-30"/>
            <logical_group_ref idref="lg-32"/>
         </contents>
      </load_segment>
   </logical_group_list>
   <placement_map>
      <memory_area display="no" color="green">
         <name>SFR</name>
         <page_id>0x0</page_id>
         <origin>0x0</origin>
         <length>0x10</length>
         <used_space>0x0</used_space>
         <unused_space>0x10</unused_space>
         <attributes>RWIX</attributes>
         <usage_details>
         </usage_details>
      </memory_area>
      <memory_area display="yes" color="green">
         <name>PERIPHERALS_8BIT</name>
         <page_id>0x0</page_id>
         <origin>0x10</origin>
         <length>0xf0</length>
         <used_space>0x0</used_space>
         <unused_space>0xf0</unused_space>
         <attributes>RWIX</attributes>
         <usage_details>
         </usage_details>
      </memory_area>
      <memory_area display="yes" color="green">
         <name>PERIPHERALS_16BIT</name>
         <page_id>0x0</page_id>
         <origin>0x100</origin>
         <length>0x100</length>
         <used_space>0x0</used_space>
         <unused_space>0x100</unused_space>
         <attributes>RWIX</attributes>
         <usage_details>
         </usage_details>
      </memory_area>
      <memory_area display="yes" color="green">
         <name>RAM</name>
         <page_id>0x0</page_id>
         <origin>0x200</origin>
         <length>0x200</length>
         <used_space>0x59</used_space>
         <unused_space>0x1a7</unused_space>
         <attributes>RWIX</attributes>
         <usage_details>
            <allocated_space>
               <start_address>0x200</start_address>
               <size>0x9</size>
               <logical_group_ref idref="lg-2"/>
            </allocated_space>
            <available_space>
               <start_address>0x209</start_address>
               <size>0x1a7</size>
            </available_space>
            <allocated_space>
               <start_address>0x3b0</start_address>
               <size>0x50</size>
               <logical_group_ref idref="lg-6"/>
            </allocated_space>
         </usage_details>
      </memory_area>
      <memory_area display="no" color="green">
         <name>INFOD</name>
         <page_id>0x0</page_id>
         <origin>0x1000</origin>
         <length>0x40</length>
         <used_space>0x0</used_space>
         <unused_space>0x40</unused_space>
         <attributes>RWIX</attributes>
         <usage_details>
         </usage_details>
      </memory_area>
      <memory_area display="no" color="green">
         <name>INFOC</name>
         <page_id>0x0</page_id>
         <origin>0x1040</origin>
         <length>0x40</length>
         <used_space>0x0</used_space>
         <unused_space>0x40</unused_space>
         <attributes>RWIX</attributes>
         <usage_details>
         </usage_details>
      </memory_area>
      <memory_area display="no" color="green">
         <name>INFOB</name>
         <page_id>0x0</page_id>
         <origin>0x1080</origin>
         <length>0x40</length>
         <used_space>0x0</used_space>
         <unused_space>0x40</unused_space>
         <attributes>RWIX</attributes>
         <usage_details>
         </usage_details>
      </memory_area>
      <memory_area display="no" color="green">
         <name>INFOA</name>
         <page_id>0x0</page_id>
         <origin>0x10c0</origin>
         <length>0x40</length>
         <used_space>0x0</used_space>
         <unused_space>0x40</unused_space>
         <attributes>RWIX</attributes>
         <usage_details>
         </usage_details>
      </memory_area>
      <memory_area display="yes" color="green">
         <name>FLASH</name>
         <page_id>0x0</page_id>
         <origin>0xc000</origin>
         <length>0x3fde</length>
         <used_space>0x228</used_space>
         <unused_space>0x3db6</unused_space>
         <attributes>RWIX</attributes>
         <usage_details>
            <allocated_space>
               <start_address>0xc000</start_address>
               <size>0x0</size>
               <logical_group_ref idref="lg-d"/>
            </allocated_space>
            <allocated_space>
               <start_address>0xc000</start_address>
               <size>0x21e</size>
               <logical_group_ref idref="lg-7"/>
            </allocated_space>
            <allocated_space>
               <start_address>0xc21e</start_address>
               <size>0xa</size>
               <logical_group_ref idref="lg-8"/>
            </allocated_space>
            <available_space>
               <start_address>0xc228</start_address>
               <size>0x3db6</size>
            </available_space>
         </usage_details>
      </memory_area>
      <memory_area display="no" color="green">
         <name>BSLSIGNATURE</name>
         <page_id>0x0</page_id>
         <origin>0xffde</origin>
         <length>0x2</length>
         <used_space>0x2</used_space>
         <unused_space>0x0</unused_space>
         <attributes>RWIX</attributes>
         <fill_value>0xffff</fill_value>
         <fill_width>0x10</fill_width>
         <virtual_fill>0x0</virtual_fill>
         <usage_details>
            <allocated_space>
               <start_address>0xffde</start_address>
               <size>0x2</size>
               <logical_group_ref idref="lg-27d"/>
            </allocated_space>
         </usage_details>
      </memory_area>
      <memory_area display="no" color="green">
         <name>INT00</name>
         <page_id>0x0</page_id>
         <origin>0xffe0</origin>
         <length>0x2</length>
         <used_space>0x2</used_space>
         <unused_space>0x0</unused_space>
         <attributes>RWIX</attributes>
         <usage_details>
            <allocated_space>
               <start_address>0xffe0</start_address>
               <size>0x2</size>
               <logical_group_ref idref="lg-16"/>
            </allocated_space>
         </usage_details>
      </memory_area>
      <memory_area display="no" color="green">
         <name>INT01</name>
         <page_id>0x0</page_id>
         <origin>0xffe2</origin>
         <length>0x2</length>
         <used_space>0x0</used_space>
         <unused_space>0x2</unused_space>
         <attributes>RWIX</attributes>
         <usage_details>
         </usage_details>
      </memory_area>
      <memory_area display="no" color="green">
         <name>INT02</name>
         <page_id>0x0</page_id>
         <origin>0xffe4</origin>
         <length>0x2</length>
         <used_space>0x2</used_space>
         <unused_space>0x0</unused_space>
         <attributes>RWIX</attributes>
         <usage_details>
            <allocated_space>
               <start_address>0xffe4</start_address>
               <size>0x2</size>
               <logical_group_ref idref="lg-19"/>
            </allocated_space>
         </usage_details>
      </memory_area>
      <memory_area display="no" color="green">
         <name>INT03</name>
         <page_id>0x0</page_id>
         <origin>0xffe6</origin>
         <length>0x2</length>
         <used_space>0x2</used_space>
         <unused_space>0x0</unused_space>
         <attributes>RWIX</attributes>
         <usage_details>
            <allocated_space>
               <start_address>0xffe6</start_address>
               <size>0x2</size>
               <logical_group_ref idref="lg-1b"/>
            </allocated_space>
         </usage_details>
      </memory_area>
      <memory_area display="no" color="green">
         <name>INT04</name>
         <page_id>0x0</page_id>
         <origin>0xffe8</origin>
         <length>0x2</length>
         <used_space>0x0</used_space>
         <unused_space>0x2</unused_space>
         <attributes>RWIX</attributes>
         <usage_details>
         </usage_details>
      </memory_area>
      <memory_area display="no" color="green">
         <name>INT05</name>
         <page_id>0x0</page_id>
         <origin>0xffea</origin>
         <length>0x2</length>
         <used_space>0x2</used_space>
         <unused_space>0x0</unused_space>
         <attributes>RWIX</attributes>
         <usage_details>
            <allocated_space>
               <start_address>0xffea</start_address>
               <size>0x2</size>
               <logical_group_ref idref="lg-1e"/>
            </allocated_space>
         </usage_details>
      </memory_area>
      <memory_area display="no" color="green">
         <name>INT06</name>
         <page_id>0x0</page_id>
         <origin>0xffec</origin>
         <length>0x2</length>
         <used_space>0x2</used_space>
         <unused_space>0x0</unused_space>
         <attributes>RWIX</attributes>
         <usage_details>
            <allocated_space>
               <start_address>0xffec</start_address>
               <size>0x2</size>
               <logical_group_ref idref="lg-20"/>
            </allocated_space>
         </usage_details>
      </memory_area>
      <memory_area display="no" color="green">
         <name>INT07</name>
         <page_id>0x0</page_id>
         <origin>0xffee</origin>
         <length>0x2</length>
         <used_space>0x2</used_space>
         <unused_space>0x0</unused_space>
         <attributes>RWIX</attributes>
         <usage_details>
            <allocated_space>
               <start_address>0xffee</start_address>
               <size>0x2</size>
               <logical_group_ref idref="lg-22"/>
            </allocated_space>
         </usage_details>
      </memory_area>
      <memory_area display="no" color="green">
         <name>INT08</name>
         <page_id>0x0</page_id>
         <origin>0xfff0</origin>
         <length>0x2</length>
         <used_space>0x2</used_space>
         <unused_space>0x0</unused_space>
         <attributes>RWIX</attributes>
         <usage_details>
            <allocated_space>
               <start_address>0xfff0</start_address>
               <size>0x2</size>
               <logical_group_ref idref="lg-24"/>
            </allocated_space>
         </usage_details>
      </memory_area>
      <memory_area display="no" color="green">
         <name>INT09</name>
         <page_id>0x0</page_id>
         <origin>0xfff2</origin>
         <length>0x2</length>
         <used_space>0x2</used_space>
         <unused_space>0x0</unused_space>
         <attributes>RWIX</attributes>
         <usage_details>
            <allocated_space>
               <start_address>0xfff2</start_address>
               <size>0x2</size>
[...]
            </allocated_space>
         </usage_details>
      </memory_area>
      <memory_area display="no" color="green">
         <name>INT12</name>
         <page_id>0x0</page_id>
         <origin>0xfff8</origin>
         <length>0x2</length>
         <used_space>0x2</used_space>
         <unused_space>0x0</unused_space>
         <attributes>RWIX</attributes>
         <usage_details>
            <allocated_space>
               <start_address>0xfff8</start_address>
               <size>0x2</size>
               <logical_group_ref idref="lg-2c"/>
            </allocated_space>
         </usage_details>
      </memory_area>
      <memory_area display="no" color="green">
         <name>INT13</name>
         <page_id>0x0</page_id>
         <origin>0xfffa</origin>
         <length>0x2</length>
         <used_space>0x2</used_space>
         <unused_space>0x0</unused_space>
         <attributes>RWIX</attributes>
         <usage_details>
            <allocated_space>
               <start_address>0xfffa</start_address>
               <size>0x2</size>
               <logical_group_ref idref="lg-2e"/>
            </allocated_space>
         </usage_details>
      </memory_area>
      <memory_area display="no" color="green">
         <name>INT14</name>
         <page_id>0x0</page_id>
         <origin>0xfffc</origin>
         <length>0x2</length>
         <used_space>0x2</used_space>
         <unused_space>0x0</unused_space>
         <attributes>RWIX</attributes>
         <usage_details>
            <allocated_space>
               <start_address>0xfffc</start_address>
               <size>0x2</size>
               <logical_group_ref idref="lg-30"/>
            </allocated_space>
         </usage_details>
      </memory_area>
      <memory_area display="no" color="green">
         <name>RESET</name>
         <page_id>0x0</page_id>
         <origin>0xfffe</origin>
         <length>0x2</length>
         <used_space>0x2</used_space>
         <unused_space>0x0</unused_space>
         <attributes>RWIX</attributes>
         <usage_details>
            <allocated_space>
               <start_address>0xfffe</start_address>
               <size>0x2</size>
               <logical_group_ref idref="lg-32"/>
            </allocated_space>
         </usage_details>
      </memory_area>
   </placement_map>
   <cptbl_list>
      <cptbl>
         <name>__TI_cinit_table</name>
         <cprec>
            <name>.bss</name>
            <load_address>0xc21e</load_address>
            <load_size>0x4</load_size>
            <run_address>0x200</run_address>
            <run_size>0x9</run_size>
            <compression>zero_init</compression>
         </cprec>
      </cptbl>
   </cptbl_list>
   <handler_table>
      <handler_table_name>__TI_handler_table</handler_table_name>
      <handler>
         <index>0x0</index>
         <name>__TI_zero_init</name>
      </handler>
   </handler_table>
   <symbol_table>
      <symbol id="sm-1">
         <name>IE1</name>
         <value>0x0</value>
      </symbol>
      <symbol id="sm-2">
         <name>IFG1</name>
         <value>0x2</value>
      </symbol>
      <symbol id="sm-3">
         <name>IE2</name>
         <value>0x1</value>
      </symbol>
      <symbol id="sm-4">
         <name>IFG2</name>
         <value>0x3</value>
      </symbol>
      <symbol id="sm-5">
         <name>ADC10DTC0</name>
         <value>0x48</value>
      </symbol>
      <symbol id="sm-6">
         <name>ADC10DTC1</name>
         <value>0x49</value>
      </symbol>
      <symbol id="sm-7">
         <name>ADC10AE0</name>
         <value>0x4a</value>
      </symbol>
      <symbol id="sm-8">
         <name>ADC10CTL0</name>
         <value>0x1b0</value>
      </symbol>
      <symbol id="sm-9">
         <name>ADC10CTL1</name>
         <value>0x1b2</value>
      </symbol>
      <symbol id="sm-a">
         <name>ADC10MEM</name>
         <value>0x1b4</value>
      </symbol>
      <symbol id="sm-b">
         <name>ADC10SA</name>
         <value>0x1bc</value>
      </symbol>
      <symbol id="sm-c">
         <name>DCOCTL</name>
         <value>0x56</value>
      </symbol>
      <symbol id="sm-d">
         <name>BCSCTL1</name>
         <value>0x57</value>
      </symbol>
      <symbol id="sm-e">
         <name>BCSCTL2</name>
         <value>0x58</value>
      </symbol>
      <symbol id="sm-f">
         <name>BCSCTL3</name>
         <value>0x53</value>
      </symbol>
      <symbol id="sm-10">
         <name>CACTL1</name>
         <value>0x59</value>
      </symbol>
      <symbol id="sm-11">
         <name>CACTL2</name>
         <value>0x5a</value>
      </symbol>
      <symbol id="sm-12">
         <name>CAPD</name>
         <value>0x5b</value>
      </symbol>
      <symbol id="sm-13">
         <name>FCTL1</name>
         <value>0x128</value>
      </symbol>
      <symbol id="sm-14">
         <name>FCTL2</name>
         <value>0x12a</value>
      </symbol>
      <symbol id="sm-15">
         <name>FCTL3</name>
         <value>0x12c</value>
      </symbol>
      <symbol id="sm-16">
         <name>P1IN</name>
         <value>0x20</value>
      </symbol>
      <symbol id="sm-17">
         <name>P1OUT</name>
         <value>0x21</value>
      </symbol>
      <symbol id="sm-18">
         <name>P1DIR</name>
         <value>0x22</value>
      </symbol>
      <symbol id="sm-19">
         <name>P1IFG</name>
         <value>0x23</value>
      </symbol>
      <symbol id="sm-1a">
         <name>P1IES</name>
         <value>0x24</value>
      </symbol>
      <symbol id="sm-1b">
         <name>P1IE</name>
         <value>0x25</value>
      </symbol>
      <symbol id="sm-1c">
         <name>P1SEL</name>
         <value>0x26</value>
      </symbol>
      <symbol id="sm-1d">
         <name>P1SEL2</name>
         <value>0x41</value>
      </symbol>
      <symbol id="sm-1e">
         <name>P1REN</name>
         <value>0x27</value>
      </symbol>
      <symbol id="sm-1f">
         <name>P2IN</name>
         <value>0x28</value>
      </symbol>
      <symbol id="sm-20">
         <name>P2OUT</name>
         <value>0x29</value>
      </symbol>
      <symbol id="sm-21">
         <name>P2DIR</name>
         <value>0x2a</value>
      </symbol>
      <symbol id="sm-22">
         <name>P2IFG</name>
         <value>0x2b</value>
      </symbol>
      <symbol id="sm-23">
         <name>P2IES</name>
         <value>0x2c</value>
      </symbol>
      <symbol id="sm-24">
         <name>P2IE</name>
         <value>0x2d</value>
      </symbol>
      <symbol id="sm-25">
         <name>P2SEL</name>
         <value>0x2e</value>
      </symbol>
      <symbol id="sm-26">
         <name>P2SEL2</name>
         <value>0x42</value>
      </symbol>
      <symbol id="sm-27">
         <name>P2REN</name>
         <value>0x2f</value>
      </symbol>
      <symbol id="sm-28">
         <name>P3IN</name>
         <value>0x18</value>
      </symbol>
      <symbol id="sm-29">
         <name>P3OUT</name>
         <value>0x19</value>
      </symbol>
      <symbol id="sm-2a">
         <name>P3DIR</name>
         <value>0x1a</value>
      </symbol>
      <symbol id="sm-2b">
         <name>P3SEL</name>
         <value>0x1b</value>
      </symbol>
      <symbol id="sm-2c">
         <name>P3SEL2</name>
         <value>0x43</value>
      </symbol>
      <symbol id="sm-2d">
         <name>P3REN</name>
         <value>0x10</value>
      </symbol>
      <symbol id="sm-2e">
         <name>TA0IV</name>
         <value>0x12e</value>
      </symbol>
      <symbol id="sm-2f">
         <name>TA0CTL</name>
         <value>0x160</value>
      </symbol>
      <symbol id="sm-30">
         <name>TA0CCTL0</name>
         <value>0x162</value>
      </symbol>
      <symbol id="sm-31">
         <name>TA0CCTL1</name>
         <value>0x164</value>
      </symbol>
      <symbol id="sm-32">
         <name>TA0CCTL2</name>
         <value>0x166</value>
      </symbol>
      <symbol id="sm-33">
         <name>TA0R</name>
         <value>0x170</value>
      </symbol>
      <symbol id="sm-34">
         <name>TA0CCR0</name>
         <value>0x172</value>
      </symbol>
      <symbol id="sm-35">
         <name>TA0CCR1</name>
         <value>0x174</value>
      </symbol>
      <symbol id="sm-36">
         <name>TA0CCR2</name>
         <value>0x176</value>
      </symbol>
      <symbol id="sm-37">
         <name>TA1IV</name>
         <value>0x11e</value>
      </symbol>
      <symbol id="sm-38">
         <name>TA1CTL</name>
         <value>0x180</value>
      </symbol>
      <symbol id="sm-39">
         <name>TA1CCTL0</name>
         <value>0x182</value>
      </symbol>
      <symbol id="sm-3a">
         <name>TA1CCTL1</name>
         <value>0x184</value>
      </symbol>
      <symbol id="sm-3b">
         <name>TA1CCTL2</name>
         <value>0x186</value>
      </symbol>
      <symbol id="sm-3c">
         <name>TA1R</name>
         <value>0x190</value>
      </symbol>
      <symbol id="sm-3d">
         <name>TA1CCR0</name>
         <value>0x192</value>
      </symbol>
      <symbol id="sm-3e">
         <name>TA1CCR1</name>
         <value>0x194</value>
      </symbol>
      <symbol id="sm-3f">
         <name>TA1CCR2</name>
         <value>0x196</value>
      </symbol>
      <symbol id="sm-40">
         <name>UCA0CTL0</name>
         <value>0x60</value>
      </symbol>
      <symbol id="sm-41">
         <name>UCA0CTL1</name>
         <value>0x61</value>
      </symbol>
      <symbol id="sm-42">
         <name>UCA0BR0</name>
         <value>0x62</value>
      </symbol>
      <symbol id="sm-43">
         <name>UCA0BR1</name>
         <value>0x63</value>
      </symbol>
      <symbol id="sm-44">
         <name>UCA0MCTL</name>
         <value>0x64</value>
      </symbol>
      <symbol id="sm-45">
         <name>UCA0STAT</name>
         <value>0x65</value>
      </symbol>
      <symbol id="sm-46">
         <name>UCA0RXBUF</name>
         <value>0x66</value>
      </symbol>
      <symbol id="sm-47">
         <name>UCA0TXBUF</name>
         <value>0x67</value>
      </symbol>
      <symbol id="sm-48">
         <name>UCA0ABCTL</name>
         <value>0x5d</value>
      </symbol>
      <symbol id="sm-49">
         <name>UCA0IRTCTL</name>
         <value>0x5e</value>
      </symbol>
      <symbol id="sm-4a">
         <name>UCA0IRRCTL</name>
         <value>0x5f</value>
      </symbol>
      <symbol id="sm-4b">
         <name>UCB0CTL0</name>
         <value>0x68</value>
      </symbol>
      <symbol id="sm-4c">
         <name>UCB0CTL1</name>
         <value>0x69</value>
      </symbol>
      <symbol id="sm-4d">
         <name>UCB0BR0</name>
         <value>0x6a</value>
      </symbol>
      <symbol id="sm-4e">
         <name>UCB0BR1</name>
         <value>0x6b</value>
      </symbol>
      <symbol id="sm-4f">
         <name>UCB0I2CIE</name>
         <value>0x6c</value>
      </symbol>
      <symbol id="sm-50">
         <name>UCB0STAT</name>
         <value>0x6d</value>
      </symbol>
      <symbol id="sm-51">
         <name>UCB0RXBUF</name>
         <value>0x6e</value>
      </symbol>
      <symbol id="sm-52">
         <name>UCB0TXBUF</name>
         <value>0x6f</value>
      </symbol>
      <symbol id="sm-53">
         <name>UCB0I2COA</name>
         <value>0x118</value>
      </symbol>
      <symbol id="sm-54">
         <name>UCB0I2CSA</name>
         <value>0x11a</value>
      </symbol>
      <symbol id="sm-55">
         <name>WDTCTL</name>
         <value>0x120</value>
      </symbol>
      <symbol id="sm-56">
         <name>CALDCO_16MHZ</name>
         <value>0x10f8</value>
      </symbol>
      <symbol id="sm-57">
         <name>CALBC1_16MHZ</name>
         <value>0x10f9</value>
      </symbol>
      <symbol id="sm-58">
         <name>CALDCO_12MHZ</name>
         <value>0x10fa</value>
      </symbol>
      <symbol id="sm-59">
         <name>CALBC1_12MHZ</name>
         <value>0x10fb</value>
      </symbol>
      <symbol id="sm-5a">
         <name>CALDCO_8MHZ</name>
         <value>0x10fc</value>
      </symbol>
      <symbol id="sm-5b">
         <name>CALBC1_8MHZ</name>
         <value>0x10fd</value>
      </symbol>
      <symbol id="sm-5c">
         <name>CALDCO_1MHZ</name>
         <value>0x10fe</value>
      </symbol>
      <symbol id="sm-5d">
         <name>CALBC1_1MHZ</name>
         <value>0x10ff</value>
      </symbol>
      <symbol id="sm-5e">
         <name>TLV_CHECKSUM</name>
         <value>0x10c0</value>
      </symbol>
      <symbol id="sm-5f">
         <name>TLV_DCO_30_TAG</name>
         <value>0x10f6</value>
      </symbol>
      <symbol id="sm-60">
         <name>TLV_DCO_30_LEN</name>
         <value>0x10f7</value>
      </symbol>
      <symbol id="sm-61">
         <name>TLV_ADC10_1_TAG</name>
         <value>0x10da</value>
      </symbol>
      <symbol id="sm-62">
         <name>TLV_ADC10_1_LEN</name>
         <value>0x10db</value>
      </symbol>
      <symbol id="sm-63">
         <name>__TI_CINIT_Base</name>
         <value>0xc224</value>
      </symbol>
      <symbol id="sm-64">
         <name>__TI_CINIT_Limit</name>
         <value>0xc228</value>
      </symbol>
      <symbol id="sm-65">
         <name>__TI_Handler_Table_Base</name>
         <value>0xc222</value>
      </symbol>
      <symbol id="sm-66">
         <name>__TI_Handler_Table_Limit</name>
         <value>0xc224</value>
      </symbol>
      <symbol id="sm-67">
         <name>__STACK_SIZE</name>
         <value>0x50</value>
      </symbol>
      <symbol id="sm-68">
         <name>__STACK_END</name>
         <value>0x400</value>
      </symbol>
      <symbol id="sm-69">
         <name>__c_args__</name>
         <value>0xffffffff</value>
      </symbol>
      <symbol id="sm-6a">
         <name>__TI_pprof_out_hndl</name>
         <value>0xffffffff</value>
      </symbol>
      <symbol id="sm-6b">
         <name>__TI_prof_data_start</name>
         <value>0xffffffff</value>
      </symbol>
      <symbol id="sm-6c">
         <name>__TI_prof_data_size</name>
         <value>0xffffffff</value>
      </symbol>
      <symbol id="sm-cb">
         <name>base_cnt</name>
         <value>0x200</value>
      </symbol>
      <symbol id="sm-cc">
         <name>meas_cnt</name>
         <value>0x206</value>
      </symbol>
      <symbol id="sm-cd">
         <name>delta_cnt</name>
         <value>0x204</value>
      </symbol>
      <symbol id="sm-ce">
         <name>key_pressed</name>
         <value>0x208</value>
      </symbol>
      <symbol id="sm-cf">
         <name>cycles</name>
         <value>0x202</value>
      </symbol>
      <symbol id="sm-d0">
         <name>pulse_LED</name>
         <value>0xc1c2</value>
         <object_component_ref idref="oc-181"/>
      </symbol>
      <symbol id="sm-d1">
         <name>__TI_int10</name>
         <value>0xfff4</value>
         <object_component_ref idref="oc-48"/>
      </symbol>
      <symbol id="sm-d2">
         <name>watchdog_timer</name>
         <value>0xc1fc</value>
         <object_component_ref idref="oc-e1"/>
      </symbol>
      <symbol id="sm-d3">
         <name>measure_count</name>
         <value>0xc172</value>
         <object_component_ref idref="oc-174"/>
      </symbol>
      <symbol id="sm-d4">
         <name>main</name>
         <value>0xc000</value>
         <object_component_ref idref="oc-14c"/>
      </symbol>
      <symbol id="sm-d7">
         <name>__TI_int00</name>
         <value>0xffe0</value>
         <object_component_ref idref="oc-40"/>
      </symbol>
      <symbol id="sm-da">
         <name>__TI_int02</name>
         <value>0xffe4</value>
         <object_component_ref idref="oc-41"/>
      </symbol>
      <symbol id="sm-dd">
         <name>__TI_int03</name>
         <value>0xffe6</value>
         <object_component_ref idref="oc-42"/>
      </symbol>
      <symbol id="sm-e0">
         <name>__TI_int05</name>
         <value>0xffea</value>
         <object_component_ref idref="oc-43"/>
      </symbol>
      <symbol id="sm-e3">
         <name>__TI_int06</name>
         <value>0xffec</value>
         <object_component_ref idref="oc-44"/>
      </symbol>
      <symbol id="sm-e6">
         <name>__TI_int07</name>
         <value>0xffee</value>
         <object_component_ref idref="oc-45"/>
      </symbol>
      <symbol id="sm-e9">
         <name>__TI_int08</name>
         <value>0xfff0</value>
         <object_component_ref idref="oc-46"/>
      </symbol>
      <symbol id="sm-ec">
         <name>__TI_int09</name>
         <value>0xfff2</value>
         <object_component_ref idref="oc-47"/>
      </symbol>
      <symbol id="sm-ef">
         <name>__TI_int11</name>
         <value>0xfff6</value>
         <object_component_ref idref="oc-49"/>
      </symbol>
      <symbol id="sm-f2">
         <name>__TI_int12</name>
         <value>0xfff8</value>
         <object_component_ref idref="oc-4a"/>
      </symbol>
      <symbol id="sm-f5">
         <name>__TI_int13</name>
         <value>0xfffa</value>
         <object_component_ref idref="oc-4b"/>
      </symbol>
      <symbol id="sm-f8">
         <name>__TI_int14</name>
         <value>0xfffc</value>
         <object_component_ref idref="oc-4c"/>
      </symbol>
      <symbol id="sm-100">
         <name>__TI_ISR_TRAP</name>
         <value>0xc20a</value>
         <object_component_ref idref="oc-dc"/>
      </symbol>
      <symbol id="sm-110">
         <name>_stack</name>
         <value>0x3b0</value>
         <object_component_ref idref="oc-b1"/>
      </symbol>
      <symbol id="sm-111">
         <name>_c_int00_noargs</name>
         <value>0xc1a6</value>
         <object_component_ref idref="oc-f9"/>
      </symbol>
      <symbol id="sm-112">
         <name>_reset_vector</name>
         <value>0xfffe</value>
         <object_component_ref idref="oc-b4"/>
      </symbol>
      <symbol id="sm-134">
         <name>__TI_auto_init_nobinit_nopinit</name>
         <value>0xc130</value>
         <object_component_ref idref="oc-194"/>
      </symbol>
      <symbol id="sm-14c">
         <name>__TI_zero_init_nomemset</name>
         <value>0xc1d8</value>
         <object_component_ref idref="oc-e7"/>
      </symbol>
      <symbol id="sm-157">
         <name>_system_pre_init</name>
         <value>0xc218</value>
         <object_component_ref idref="oc-146"/>
      </symbol>
      <symbol id="sm-160">
         <name>_system_post_cinit</name>
         <value>0xc21c</value>
         <object_component_ref idref="oc-1dd"/>
      </symbol>
      <symbol id="sm-16c">
         <name>C$$EXIT</name>
         <value>0xc212</value>
         <object_component_ref idref="oc-188"/>
      </symbol>
      <symbol id="sm-16d">
         <name>abort</name>
         <value>0xc212</value>
         <object_component_ref idref="oc-188"/>
      </symbol>
      <symbol id="sm-179">
         <name>__mspabi_func_epilog_2</name>
         <value>0xc1f6</value>
         <object_component_ref idref="oc-bf"/>
      </symbol>
      <symbol id="sm-17a">
         <name>__mspabi_func_epilog_3</name>
         <value>0xc1f4</value>
         <object_component_ref idref="oc-bf"/>
      </symbol>
      <symbol id="sm-17b">
         <name>__mspabi_func_epilog_1</name>
         <value>0xc1f8</value>
         <object_component_ref idref="oc-bf"/>
      </symbol>
      <symbol id="sm-17c">
         <name>__mspabi_func_epilog_6</name>
         <value>0xc1ee</value>
         <object_component_ref idref="oc-bf"/>
      </symbol>
      <symbol id="sm-17d">
         <name>__mspabi_func_epilog_7</name>
         <value>0xc1ec</value>
         <object_component_ref idref="oc-bf"/>
      </symbol>
      <symbol id="sm-17e">
         <name>__mspabi_func_epilog_4</name>
         <value>0xc1f2</value>
         <object_component_ref idref="oc-bf"/>
      </symbol>
      <symbol id="sm-17f">
         <name>__mspabi_func_epilog_5</name>
         <value>0xc1f0</value>
         <object_component_ref idref="oc-bf"/>
      </symbol>
   </symbol_table>
   <title>Link successful</title>
</link_info>
